initial log entry
hello from filebeat
hello from filebeat
hello from filebeat
